13:40:59 **** Incremental Build of configuration Debug for project BG_card_mini ****
make all 
Building target: BG_card_mini.adx
Invoking: Andes C Linker
nds32le-elf-gcc -Og -nostartfiles -static -L"/cygdrive/C/Users/BanGO/Desktop/BanGO_prj/BG_Audio_Looper/MVsB1_Base_SDK/driver/driver" -L"/cygdrive/C/Users/BanGO/Desktop/BanGO_prj/BG_Audio_Looper/MVsB1_Base_SDK/middleware/audio" -L"/cygdrive/C/Users/BanGO/Desktop/BanGO_prj/BG_Audio_Looper/BG_card_mini/BG_card_mini/src/hardware/bluetooth" -mcmodel=medium -ldsp -mext-dsp -T"../nds32-ae210p.ld" -Wl,--gc-sections -mvh -o "BG_card_mini.adx"  ./bg_audio_io_manager_refactored.o  ./driver/driver_api/src/adc_interface.o ./driver/driver_api/src/backup_interface.o ./driver/driver_api/src/dac_interface.o ./driver/driver_api/src/fft_api.o ./driver/driver_api/src/i2c_host.o ./driver/driver_api/src/i2c_interface.o ./driver/driver_api/src/sadc_interface.o ./driver/driver_api/src/sd_card.o ./driver/driver_api/src/spim_interface.o ./driver/driver_api/src/uarts_interface.o  ./middleware/audio/src/bits.o ./middleware/audio/src/libmp2dec.o ./middleware/audio/src/mvstdio.o  ./middleware/mv_utils/src/debug.o ./middleware/mv_utils/src/mcu_circular_buf.o  ./middleware/rtos/freertos/src/croutine.o ./middleware/rtos/freertos/src/event_groups.o ./middleware/rtos/freertos/src/heap_5s.o ./middleware/rtos/freertos/src/list.o ./middleware/rtos/freertos/src/os_cpu_a.o ./middleware/rtos/freertos/src/port.o ./middleware/rtos/freertos/src/portISR.o ./middleware/rtos/freertos/src/queue.o ./middleware/rtos/freertos/src/tasks.o ./middleware/rtos/freertos/src/timers.o  ./middleware/rtos/rtos_api/rtos_api.o  ./src/BanGUI/BG_List/bg_list.o  ./src/BanGUI/base_func/bg_shell.o ./src/BanGUI/base_func/bg_shell_commands.o ./src/BanGUI/base_func/gui_tool.o ./src/BanGUI/base_func/shell_io_manager.o ./src/BanGUI/base_func/shell_lcd_adapter.o  ./src/BanGUI/menu_slider/bg_menu_slider.o ./src/BanGUI/menu_slider/bg_menu_slider_example.o ./src/BanGUI/menu_slider/menu_slider.o ./src/BanGUI/menu_slider/menu_slider_demo.o  ./src/BanGUI/page/bg_page.o ./src/BanGUI/page/page_manager.o  ./src/BanGUI/ui_system/ui_bootscreen.o ./src/BanGUI/ui_system/ui_button.o ./src/BanGUI/ui_system/ui_menu.o ./src/BanGUI/ui_system/ui_menu_def.o ./src/BanGUI/ui_system/ui_statusbar.o ./src/BanGUI/ui_system/ui_system.o  ./src/hardware/BG_AudioIO_Manager/USB/src/audio_api.o ./src/hardware/BG_AudioIO_Manager/USB/src/otg_device_audio.o ./src/hardware/BG_AudioIO_Manager/USB/src/otg_device_cdc.o ./src/hardware/BG_AudioIO_Manager/USB/src/otg_device_standard_request.o ./src/hardware/BG_AudioIO_Manager/USB/src/otg_device_stor.o ./src/hardware/BG_AudioIO_Manager/USB/src/shell_io_cdc.o ./src/hardware/BG_AudioIO_Manager/USB/src/usb_audio_api.o  ./src/hardware/BG_AudioIO_Manager/bg_audio_io_manager.o  ./src/hardware/BG_Encoder/bg_encoder.o  ./src/hardware/BG_Lcd/bg_lcd.o ./src/hardware/BG_Lcd/framebuffer.o ./src/hardware/BG_Lcd/st7735.o  ./src/hardware/BG_flash_manager/BG_FlashMgr.o ./src/hardware/BG_flash_manager/bg_flash_manager.o ./src/hardware/BG_flash_manager/flash_bus.o ./src/hardware/BG_flash_manager/flash_devices.o ./src/hardware/BG_flash_manager/flash_driver.o ./src/hardware/BG_flash_manager/flash_manager.o ./src/hardware/BG_flash_manager/flash_nor_w25qxx.o ./src/hardware/BG_flash_manager/flash_test.o  ./src/hardware/IIC/BG_iic.o ./src/hardware/IIC/pcf8574.o  ./src/hardware/audio/audio_effect.o ./src/hardware/audio/communication.o ./src/hardware/audio/ctrlvars.o ./src/hardware/audio/eq_params.o  ./src/hardware/audio/effect_parameter/AECBuf.o ./src/hardware/audio/effect_parameter/DianYin.o ./src/hardware/audio/effect_parameter/HanMai.o ./src/hardware/audio/effect_parameter/HunXiang.o ./src/hardware/audio/effect_parameter/MoYin.o ./src/hardware/audio/effect_parameter/NanBianNv.o ./src/hardware/audio/effect_parameter/NvBianNan.o ./src/hardware/audio/effect_parameter/UsbAecBuf.o ./src/hardware/audio/effect_parameter/WaWaYin.o ./src/hardware/audio/effect_parameter/YuanSheng.o  ./src/hardware/audio/music_parameter/Music.o  ./src/hardware/audio_looper/audio_looper.o  ./src/hardware/bluetooth/src/audio_decoder_api.o ./src/hardware/bluetooth/src/ble_app_callback.o ./src/hardware/bluetooth/src/ble_app_func.o ./src/hardware/bluetooth/src/bt_a2dp_app.o ./src/hardware/bluetooth/src/bt_app_func.o ./src/hardware/bluetooth/src/bt_app_interface.o ./src/hardware/bluetooth/src/bt_avrcp_app.o ./src/hardware/bluetooth/src/bt_ddb_flash.o ./src/hardware/bluetooth/src/bt_hfp_app.o ./src/hardware/bluetooth/src/bt_hid_app.o ./src/hardware/bluetooth/src/bt_manager.o ./src/hardware/bluetooth/src/bt_mfi_app.o ./src/hardware/bluetooth/src/bt_pbap_app.o ./src/hardware/bluetooth/src/bt_platform_interface.o ./src/hardware/bluetooth/src/bt_spp_app.o ./src/hardware/bluetooth/src/bt_stack_service.o ./src/hardware/bluetooth/src/shell_io_ble.o  ./src/hardware/sys_param/internal_flash_test.o  ./src/main.o  ./startup/crt0.o ./startup/init-default.o ./startup/interrupt.o ./startup/retarget.o   -lDriver -lAudioDecoderLibrary -lsra -lAudioEffectLibrary -lresampler -ldsp -lm -lBtStack
Finished building target: BG_card_mini.adx
 
Invoking: NM (symbol listing)
nds32le-elf-nm -n -l -C "BG_card_mini.adx" > output/symbol.txt
Finished building: output/symbol.txt
 
Invoking: Readelf (ELF info listing)
nds32le-elf-readelf -a "BG_card_mini.adx" > output/readelf.txt
Finished building: output/readelf.txt
 
Invoking: Objdump (disassembly)
nds32le-elf-objdump -x -d -C "BG_card_mini.adx" > output/objdump.txt
Finished building: output/objdump.txt
 
Invoking: Objcopy (object content copy)
nds32le-elf-objcopy -S -O binary "BG_card_mini.adx" output/BG_card_mini.bin
Finished building: output/BG_card_mini.bin
 
Invoking: Size (section size listing)
nds32le-elf-size  "BG_card_mini.adx" | tee output/.PHONY.size
   text (code + rodata)	   data	    bss	    dec	    hex	filename
 811578 (665402 + 146176)	   6896	 138124	 956598	  e98b6	BG_card_mini.adx
Finished building: output/.PHONY.size
 

13:41:03 Build Finished (took 4s.252ms)

